#
# There is insufficient memory for the Java Runtime Environment to continue.
# Native memory allocation (malloc) failed to allocate 828976 bytes. Error detail: Chunk::new
# Possible reasons:
#   The system is out of physical RAM or swap space
#   This process is running with CompressedOops enabled, and the Java Heap may be blocking the growth of the native heap
# Possible solutions:
#   Reduce memory load on the system
#   Increase physical memory or swap space
#   Check if swap backing store is full
#   Decrease Java heap size (-Xmx/-Xms)
#   Decrease number of Java threads
#   Decrease Java thread stack sizes (-Xss)
#   Set larger code cache with -XX:ReservedCodeCacheSize=
#   JVM is running with Unscaled Compressed Oops mode in which the Java heap is
#     placed in the first 4GB address space. The Java Heap base address is the
#     maximum limit for the native heap growth. Please use -XX:HeapBaseMinAddress
#     to set the Java Heap base and to place the Java Heap above 4GB virtual address.
# This output file may be truncated or incomplete.
#
#  Out of Memory Error (arena.cpp:168), pid=10148, tid=16044
#
# JRE version: OpenJDK Runtime Environment Zulu21.44+17-CA (21.0.8+9) (build 21.0.8+9-LTS)
# Java VM: OpenJDK 64-Bit Server VM Zulu21.44+17-CA (21.0.8+9-LTS, mixed mode, sharing, tiered, compressed oops, compressed class ptrs, g1 gc, windows-amd64)
# No core dump will be written. Minidumps are not enabled by default on client versions of Windows
#

---------------  S U M M A R Y ------------

Command Line: --enable-native-access=ALL-UNNAMED -Dclassworlds.conf=C:\Users\ADMIN\Downloads\apache-maven-3.9.11-bin\apache-maven-3.9.11\bin\m2.conf -Dmaven.home=C:\Users\ADMIN\Downloads\apache-maven-3.9.11-bin\apache-maven-3.9.11 -Dlibrary.jansi.path=C:\Users\ADMIN\Downloads\apache-maven-3.9.11-bin\apache-maven-3.9.11\lib\jansi-native -Dmaven.multiModuleProjectDirectory=C:\Users\ADMIN\Documents\Mojolaoluwa\projects\core-banking\client-service org.codehaus.plexus.classworlds.launcher.Launcher clean spring-boot:run

Host: Intel(R) Core(TM) i5-6300U CPU @ 2.40GHz, 4 cores, 7G,  Windows 10 , 64 bit Build 19041 (10.0.19041.3031)
Time: Tue Jul 21 21:50:50 2026 W. Central Africa Standard Time elapsed time: 31.647904 seconds (0d 0h 0m 31s)

---------------  T H R E A D  ---------------

Current thread (0x000001d422e5ae60):  JavaThread "C2 CompilerThread0" daemon [_thread_in_native, id=16044, stack(0x000000252e200000,0x000000252e300000) (1024K)]


Current CompileTask:
C2:31648 6413       4       com.sun.tools.javac.jvm.ClassReader::sigToType (881 bytes)

Stack: [0x000000252e200000,0x000000252e300000]
Native frames: (J=compiled Java code, j=interpreted, Vv=VM code, C=native code)
V  [jvm.dll+0x6ffc39]
V  [jvm.dll+0x8e4edf]
V  [jvm.dll+0x8e7328]
V  [jvm.dll+0x8e7a93]
V  [jvm.dll+0x29b036]
V  [jvm.dll+0xd32fd]
V  [jvm.dll+0xd3833]
V  [jvm.dll+0x3db342]
V  [jvm.dll+0x3a4955]
V  [jvm.dll+0x3a3d8a]
V  [jvm.dll+0x25ee40]
V  [jvm.dll+0x25e421]
V  [jvm.dll+0x1dc644]
V  [jvm.dll+0x26e070]
V  [jvm.dll+0x26c599]
V  [jvm.dll+0x416dd4]
V  [jvm.dll+0x88c376]
V  [jvm.dll+0x6fe2f4]
C  [ucrtbase.dll+0x21bb2]
C  [KERNEL32.DLL+0x17614]
C  [ntdll.dll+0x526f1]


---------------  P R O C E S S  ---------------

Threads class SMR info:
_java_thread_list=0x000001d468d6ec00, length=12, elements={
0x000001d4047a24e0, 0x000001d422e54980, 0x000001d422e55590, 0x000001d422e561a0,
0x000001d422e56c00, 0x000001d422e59670, 0x000001d422e5a0d0, 0x000001d422e5ae60,
0x000001d422e8ae70, 0x000001d4680c7ab0, 0x000001d4680c86f0, 0x000001d4681b5580
}

Java Threads: ( => current thread )
  0x000001d4047a24e0 JavaThread "main"                              [_thread_in_native, id=27412, stack(0x000000252d400000,0x000000252d500000) (1024K)]
  0x000001d422e54980 JavaThread "Reference Handler"          daemon [_thread_blocked, id=14192, stack(0x000000252dc00000,0x000000252dd00000) (1024K)]
  0x000001d422e55590 JavaThread "Finalizer"                  daemon [_thread_blocked, id=30436, stack(0x000000252dd00000,0x000000252de00000) (1024K)]
  0x000001d422e561a0 JavaThread "Signal Dispatcher"          daemon [_thread_blocked, id=8664, stack(0x000000252de00000,0x000000252df00000) (1024K)]
  0x000001d422e56c00 JavaThread "Attach Listener"            daemon [_thread_blocked, id=29484, stack(0x000000252df00000,0x000000252e000000) (1024K)]
  0x000001d422e59670 JavaThread "Service Thread"             daemon [_thread_blocked, id=20364, stack(0x000000252e000000,0x000000252e100000) (1024K)]
  0x000001d422e5a0d0 JavaThread "Monitor Deflation Thread"   daemon [_thread_blocked, id=12012, stack(0x000000252e100000,0x000000252e200000) (1024K)]
=>0x000001d422e5ae60 JavaThread "C2 CompilerThread0"         daemon [_thread_in_native, id=16044, stack(0x000000252e200000,0x000000252e300000) (1024K)]
  0x000001d422e8ae70 JavaThread "C1 CompilerThread0"         daemon [_thread_blocked, id=15648, stack(0x000000252e300000,0x000000252e400000) (1024K)]
  0x000001d4680c7ab0 JavaThread "Notification Thread"        daemon [_thread_blocked, id=29900, stack(0x000000252e400000,0x000000252e500000) (1024K)]
  0x000001d4680c86f0 JavaThread "Common-Cleaner"             daemon [_thread_blocked, id=6208, stack(0x000000252e500000,0x000000252e600000) (1024K)]
  0x000001d4681b5580 JavaThread "Thread-1"                   daemon [_thread_blocked, id=21092, stack(0x000000252ea00000,0x000000252eb00000) (1024K)]
Total: 12

Other Threads:
  0x000001d422e38490 VMThread "VM Thread"                           [id=24680, stack(0x000000252db00000,0x000000252dc00000) (1024K)]
  0x000001d422e28270 WatcherThread "VM Periodic Task Thread"        [id=10636, stack(0x000000252da00000,0x000000252db00000) (1024K)]
  0x000001d406b6d8a0 WorkerThread "GC Thread#0"                     [id=13768, stack(0x000000252d500000,0x000000252d600000) (1024K)]
  0x000001d468af9bf0 WorkerThread "GC Thread#1"                     [id=14352, stack(0x000000252e700000,0x000000252e800000) (1024K)]
  0x000001d468b15380 WorkerThread "GC Thread#2"                     [id=12092, stack(0x000000252e800000,0x000000252e900000) (1024K)]
  0x000001d468b163b0 WorkerThread "GC Thread#3"                     [id=14004, stack(0x000000252e900000,0x000000252ea00000) (1024K)]
  0x000001d406b7dd90 ConcurrentGCThread "G1 Main Marker"            [id=10860, stack(0x000000252d600000,0x000000252d700000) (1024K)]
  0x000001d406b7e8a0 WorkerThread "G1 Conc#0"                       [id=18476, stack(0x000000252d700000,0x000000252d800000) (1024K)]
  0x000001d406bee110 ConcurrentGCThread "G1 Refine#0"               [id=4128, stack(0x000000252d800000,0x000000252d900000) (1024K)]
  0x000001d422cf80e0 ConcurrentGCThread "G1 Service"                [id=4788, stack(0x000000252d900000,0x000000252da00000) (1024K)]
Total: 10

Threads with active compile tasks:
C2 CompilerThread0  31830 6413       4       com.sun.tools.javac.jvm.ClassReader::sigToType (881 bytes)
Total: 1

VM state: not at safepoint (normal execution)

VM Mutex/Monitor currently owned by a thread: None

Heap address: 0x0000000085800000, size: 1960 MB, Compressed Oops mode: 32-bit

CDS archive(s) mapped at: [0x000001d423000000-0x000001d423ce0000-0x000001d423ce0000), size 13500416, SharedBaseAddress: 0x000001d423000000, ArchiveRelocationMode: 1.
Compressed class space mapped at: 0x000001d424000000-0x000001d464000000, reserved size: 1073741824
Narrow klass base: 0x000001d423000000, Narrow klass shift: 0, Narrow klass range: 0x100000000

GC Precious Log:
 CardTable entry size: 512
 Card Set container configuration: InlinePtr #cards 5 size 8 Array Of Cards #cards 10 size 36 Howl #buckets 4 coarsen threshold 1843 Howl Bitmap #cards 512 size 80 coarsen threshold 460 Card regions per heap region 1 cards per card region 2048
 CPUs: 4 total, 4 available
 Memory: 7838M
 Large Page Support: Disabled
 NUMA Support: Disabled
 Compressed Oops: Enabled (32-bit)
 Heap Region Size: 1M
 Heap Min Capacity: 8M
 Heap Initial Capacity: 124M
 Heap Max Capacity: 1960M
 Pre-touch: Disabled
 Parallel Workers: 4
 Concurrent Workers: 1
 Concurrent Refinement Workers: 4
 Periodic GC: Disabled

Heap:
 garbage-first heap   total 93184K, used 71168K [0x0000000085800000, 0x0000000100000000)
  region size 1024K, 39 young (39936K), 7 survivors (7168K)
 Metaspace       used 28206K, committed 28544K, reserved 1114112K
  class space    used 3141K, committed 3328K, reserved 1048576K

Heap Regions: E=young(eden), S=young(survivor), O=old, HS=humongous(starts), HC=humongous(continues), CS=collection set, F=free, TAMS=top-at-mark-start, PB=parsable bottom
|   0|0x0000000085800000, 0x0000000085900000, 0x0000000085900000|100%| O|  |TAMS 0x0000000085800000| PB 0x0000000085800000| Untracked 
|   1|0x0000000085900000, 0x0000000085a00000, 0x0000000085a00000|100%| O|  |TAMS 0x0000000085900000| PB 0x0000000085900000| Untracked 
|   2|0x0000000085a00000, 0x0000000085b00000, 0x0000000085b00000|100%| O|  |TAMS 0x0000000085a00000| PB 0x0000000085a00000| Untracked 
|   3|0x0000000085b00000, 0x0000000085c00000, 0x0000000085c00000|100%| O|  |TAMS 0x0000000085b00000| PB 0x0000000085b00000| Untracked 
|   4|0x0000000085c00000, 0x0000000085d00000, 0x0000000085d00000|100%| O|  |TAMS 0x0000000085c00000| PB 0x0000000085c00000| Untracked 
|   5|0x0000000085d00000, 0x0000000085e00000, 0x0000000085e00000|100%| O|  |TAMS 0x0000000085d00000| PB 0x0000000085d00000| Untracked 
|   6|0x0000000085e00000, 0x0000000085f00000, 0x0000000085f00000|100%| O|  |TAMS 0x0000000085e00000| PB 0x0000000085e00000| Untracked 
|   7|0x0000000085f00000, 0x0000000086000000, 0x0000000086000000|100%| O|  |TAMS 0x0000000085f00000| PB 0x0000000085f00000| Untracked 
|   8|0x0000000086000000, 0x0000000086100000, 0x0000000086100000|100%| O|  |TAMS 0x0000000086000000| PB 0x0000000086000000| Untracked 
|   9|0x0000000086100000, 0x0000000086200000, 0x0000000086200000|100%| O|  |TAMS 0x0000000086100000| PB 0x0000000086100000| Untracked 
|  10|0x0000000086200000, 0x0000000086300000, 0x0000000086300000|100%| O|  |TAMS 0x0000000086200000| PB 0x0000000086200000| Untracked 
|  11|0x0000000086300000, 0x0000000086400000, 0x0000000086400000|100%|HS|  |TAMS 0x0000000086300000| PB 0x0000000086300000| Complete 
|  12|0x0000000086400000, 0x0000000086500000, 0x0000000086500000|100%|HC|  |TAMS 0x0000000086400000| PB 0x0000000086400000| Complete 
|  13|0x0000000086500000, 0x0000000086600000, 0x0000000086600000|100%|HS|  |TAMS 0x0000000086500000| PB 0x0000000086500000| Complete 
|  14|0x0000000086600000, 0x0000000086700000, 0x0000000086700000|100%| O|  |TAMS 0x0000000086600000| PB 0x0000000086600000| Untracked 
|  15|0x0000000086700000, 0x0000000086800000, 0x0000000086800000|100%| O|  |TAMS 0x0000000086700000| PB 0x0000000086700000| Untracked 
|  16|0x0000000086800000, 0x0000000086900000, 0x0000000086900000|100%| O|  |TAMS 0x0000000086800000| PB 0x0000000086800000| Untracked 
|  17|0x0000000086900000, 0x0000000086a00000, 0x0000000086a00000|100%| O|  |TAMS 0x0000000086900000| PB 0x0000000086900000| Untracked 
|  18|0x0000000086a00000, 0x0000000086b00000, 0x0000000086b00000|100%| O|Cm|TAMS 0x0000000086a00000| PB 0x0000000086a00000| Complete 
|  19|0x0000000086b00000, 0x0000000086b00000, 0x0000000086c00000|  0%| F|  |TAMS 0x0000000086b00000| PB 0x0000000086b00000| Untracked 
|  20|0x0000000086c00000, 0x0000000086c00000, 0x0000000086d00000|  0%| F|  |TAMS 0x0000000086c00000| PB 0x0000000086c00000| Untracked 
|  21|0x0000000086d00000, 0x0000000086e00000, 0x0000000086e00000|100%|HS|  |TAMS 0x0000000086d00000| PB 0x0000000086d00000| Complete 
|  22|0x0000000086e00000, 0x0000000086f00000, 0x0000000086f00000|100%| O|  |TAMS 0x0000000086e00000| PB 0x0000000086e00000| Untracked 
|  23|0x0000000086f00000, 0x0000000087000000, 0x0000000087000000|100%| O|  |TAMS 0x0000000086f00000| PB 0x0000000086f00000| Untracked 
|  24|0x0000000087000000, 0x0000000087100000, 0x0000000087100000|100%| O|  |TAMS 0x0000000087000000| PB 0x0000000087000000| Untracked 
|  25|0x0000000087100000, 0x0000000087200000, 0x0000000087200000|100%| O|  |TAMS 0x0000000087100000| PB 0x0000000087100000| Untracked 
|  26|0x0000000087200000, 0x0000000087300000, 0x0000000087300000|100%| O|  |TAMS 0x0000000087200000| PB 0x0000000087200000| Untracked 
|  27|0x0000000087300000, 0x0000000087400000, 0x0000000087400000|100%| S|CS|TAMS 0x0000000087300000| PB 0x0000000087300000| Complete 
|  28|0x0000000087400000, 0x0000000087500000, 0x0000000087500000|100%| S|CS|TAMS 0x0000000087400000| PB 0x0000000087400000| Complete 
|  29|0x0000000087500000, 0x0000000087600000, 0x0000000087600000|100%| S|CS|TAMS 0x0000000087500000| PB 0x0000000087500000| Complete 
|  30|0x0000000087600000, 0x0000000087700000, 0x0000000087700000|100%| S|CS|TAMS 0x0000000087600000| PB 0x0000000087600000| Complete 
|  31|0x0000000087700000, 0x0000000087800000, 0x0000000087800000|100%| S|CS|TAMS 0x0000000087700000| PB 0x0000000087700000| Complete 
|  32|0x0000000087800000, 0x0000000087900000, 0x0000000087900000|100%| S|CS|TAMS 0x0000000087800000| PB 0x0000000087800000| Complete 
|  33|0x0000000087900000, 0x0000000087a00000, 0x0000000087a00000|100%| S|CS|TAMS 0x0000000087900000| PB 0x0000000087900000| Complete 
|  34|0x0000000087a00000, 0x0000000087a00000, 0x0000000087b00000|  0%| F|  |TAMS 0x0000000087a00000| PB 0x0000000087a00000| Untracked 
|  35|0x0000000087b00000, 0x0000000087b00000, 0x0000000087c00000|  0%| F|  |TAMS 0x0000000087b00000| PB 0x0000000087b00000| Untracked 
|  36|0x0000000087c00000, 0x0000000087c00000, 0x0000000087d00000|  0%| F|  |TAMS 0x0000000087c00000| PB 0x0000000087c00000| Untracked 
|  37|0x0000000087d00000, 0x0000000087d00000, 0x0000000087e00000|  0%| F|  |TAMS 0x0000000087d00000| PB 0x0000000087d00000| Untracked 
|  38|0x0000000087e00000, 0x0000000087e00000, 0x0000000087f00000|  0%| F|  |TAMS 0x0000000087e00000| PB 0x0000000087e00000| Untracked 
|  39|0x0000000087f00000, 0x0000000087f00000, 0x0000000088000000|  0%| F|  |TAMS 0x0000000087f00000| PB 0x0000000087f00000| Untracked 
|  40|0x0000000088000000, 0x0000000088000000, 0x0000000088100000|  0%| F|  |TAMS 0x0000000088000000| PB 0x0000000088000000| Untracked 
|  41|0x0000000088100000, 0x0000000088100000, 0x0000000088200000|  0%| F|  |TAMS 0x0000000088100000| PB 0x0000000088100000| Untracked 
|  42|0x0000000088200000, 0x0000000088200000, 0x0000000088300000|  0%| F|  |TAMS 0x0000000088200000| PB 0x0000000088200000| Untracked 
|  43|0x0000000088300000, 0x0000000088300000, 0x0000000088400000|  0%| F|  |TAMS 0x0000000088300000| PB 0x0000000088300000| Untracked 
|  44|0x0000000088400000, 0x0000000088400000, 0x0000000088500000|  0%| F|  |TAMS 0x0000000088400000| PB 0x0000000088400000| Untracked 
|  45|0x0000000088500000, 0x0000000088500000, 0x0000000088600000|  0%| F|  |TAMS 0x0000000088500000| PB 0x0000000088500000| Untracked 
|  46|0x0000000088600000, 0x0000000088600000, 0x0000000088700000|  0%| F|  |TAMS 0x0000000088600000| PB 0x0000000088600000| Untracked 
|  47|0x0000000088700000, 0x0000000088700000, 0x0000000088800000|  0%| F|  |TAMS 0x0000000088700000| PB 0x0000000088700000| Untracked 
|  48|0x0000000088800000, 0x0000000088800000, 0x0000000088900000|  0%| F|  |TAMS 0x0000000088800000| PB 0x0000000088800000| Untracked 
|  49|0x0000000088900000, 0x0000000088900000, 0x0000000088a00000|  0%| F|  |TAMS 0x0000000088900000| PB 0x0000000088900000| Untracked 
|  50|0x0000000088a00000, 0x0000000088a00000, 0x0000000088b00000|  0%| F|  |TAMS 0x0000000088a00000| PB 0x0000000088a00000| Untracked 
|  51|0x0000000088b00000, 0x0000000088b00000, 0x0000000088c00000|  0%| F|  |TAMS 0x0000000088b00000| PB 0x0000000088b00000| Untracked 
|  52|0x0000000088c00000, 0x0000000088c80000, 0x0000000088d00000| 50%| E|  |TAMS 0x0000000088c00000| PB 0x0000000088c00000| Complete 
|  53|0x0000000088d00000, 0x0000000088e00000, 0x0000000088e00000|100%| E|CS|TAMS 0x0000000088d00000| PB 0x0000000088d00000| Complete 
|  54|0x0000000088e00000, 0x0000000088f00000, 0x0000000088f00000|100%| E|CS|TAMS 0x0000000088e00000| PB 0x0000000088e00000| Complete 
|  55|0x0000000088f00000, 0x0000000089000000, 0x0000000089000000|100%| E|CS|TAMS 0x0000000088f00000| PB 0x0000000088f00000| Complete 
|  56|0x0000000089000000, 0x0000000089100000, 0x0000000089100000|100%| E|CS|TAMS 0x0000000089000000| PB 0x0000000089000000| Complete 
|  57|0x0000000089100000, 0x0000000089200000, 0x0000000089200000|100%| E|CS|TAMS 0x0000000089100000| PB 0x0000000089100000| Complete 
|  58|0x0000000089200000, 0x0000000089300000, 0x0000000089300000|100%| E|CS|TAMS 0x0000000089200000| PB 0x0000000089200000| Complete 
|  59|0x0000000089300000, 0x0000000089400000, 0x0000000089400000|100%| E|CS|TAMS 0x0000000089300000| PB 0x0000000089300000| Complete 
|  60|0x0000000089400000, 0x0000000089500000, 0x0000000089500000|100%| E|CS|TAMS 0x0000000089400000| PB 0x0000000089400000| Complete 
|  61|0x0000000089500000, 0x0000000089600000, 0x0000000089600000|100%| E|CS|TAMS 0x0000000089500000| PB 0x0000000089500000| Complete 
|  62|0x0000000089600000, 0x0000000089700000, 0x0000000089700000|100%| E|CS|TAMS 0x0000000089600000| PB 0x0000000089600000| Complete 
|  63|0x0000000089700000, 0x0000000089800000, 0x0000000089800000|100%| E|CS|TAMS 0x0000000089700000| PB 0x0000000089700000| Complete 
|  64|0x0000000089800000, 0x0000000089900000, 0x0000000089900000|100%| E|CS|TAMS 0x0000000089800000| PB 0x0000000089800000| Complete 
|  65|0x0000000089900000, 0x0000000089a00000, 0x0000000089a00000|100%| E|CS|TAMS 0x0000000089900000| PB 0x0000000089900000| Complete 
|  66|0x0000000089a00000, 0x0000000089b00000, 0x0000000089b00000|100%| E|CS|TAMS 0x0000000089a00000| PB 0x0000000089a00000| Complete 
|  67|0x0000000089b00000, 0x0000000089c00000, 0x0000000089c00000|100%| E|CS|TAMS 0x0000000089b00000| PB 0x0000000089b00000| Complete 
|  68|0x0000000089c00000, 0x0000000089d00000, 0x0000000089d00000|100%| E|CS|TAMS 0x0000000089c00000| PB 0x0000000089c00000| Complete 
|  69|0x0000000089d00000, 0x0000000089e00000, 0x0000000089e00000|100%| E|CS|TAMS 0x0000000089d00000| PB 0x0000000089d00000| Complete 
|  70|0x0000000089e00000, 0x0000000089f00000, 0x0000000089f00000|100%| E|CS|TAMS 0x0000000089e00000| PB 0x0000000089e00000| Complete 
|  71|0x0000000089f00000, 0x000000008a000000, 0x000000008a000000|100%| E|CS|TAMS 0x0000000089f00000| PB 0x0000000089f00000| Complete 
|  72|0x000000008a000000, 0x000000008a100000, 0x000000008a100000|100%| E|CS|TAMS 0x000000008a000000| PB 0x000000008a000000| Complete 
|  73|0x000000008a100000, 0x000000008a200000, 0x000000008a200000|100%| E|CS|TAMS 0x000000008a100000| PB 0x000000008a100000| Complete 
|  74|0x000000008a200000, 0x000000008a300000, 0x000000008a300000|100%| E|CS|TAMS 0x000000008a200000| PB 0x000000008a200000| Complete 
| 109|0x000000008c500000, 0x000000008c600000, 0x000000008c600000|100%| E|CS|TAMS 0x000000008c500000| PB 0x000000008c500000| Complete 
| 110|0x000000008c600000, 0x000000008c700000, 0x000000008c700000|100%| E|CS|TAMS 0x000000008c600000| PB 0x000000008c600000| Complete 
| 111|0x000000008c700000, 0x000000008c800000, 0x000000008c800000|100%| E|CS|TAMS 0x000000008c700000| PB 0x000000008c700000| Complete 
| 112|0x000000008c800000, 0x000000008c900000, 0x000000008c900000|100%| E|CS|TAMS 0x000000008c800000| PB 0x000000008c800000| Complete 
| 113|0x000000008c900000, 0x000000008ca00000, 0x000000008ca00000|100%| E|CS|TAMS 0x000000008c900000| PB 0x000000008c900000| Complete 
| 120|0x000000008d000000, 0x000000008d100000, 0x000000008d100000|100%| E|CS|TAMS 0x000000008d000000| PB 0x000000008d000000| Complete 
| 121|0x000000008d100000, 0x000000008d200000, 0x000000008d200000|100%| E|CS|TAMS 0x000000008d100000| PB 0x000000008d100000| Complete 
| 122|0x000000008d200000, 0x000000008d300000, 0x000000008d300000|100%| E|CS|TAMS 0x000000008d200000| PB 0x000000008d200000| Complete 
| 123|0x000000008d300000, 0x000000008d400000, 0x000000008d400000|100%| E|CS|TAMS 0x000000008d300000| PB 0x000000008d300000| Complete 
|1953|0x00000000ff900000, 0x00000000ff980000, 0x00000000ffa00000| 50%| O|  |TAMS 0x00000000ff900000| PB 0x00000000ff900000| Untracked 
|1954|0x00000000ffa00000, 0x00000000ffb00000, 0x00000000ffb00000|100%| O|  |TAMS 0x00000000ffa00000| PB 0x00000000ffa00000| Untracked 
|1955|0x00000000ffb00000, 0x00000000ffc00000, 0x00000000ffc00000|100%| O|  |TAMS 0x00000000ffb00000| PB 0x00000000ffb00000| Untracked 
|1956|0x00000000ffc00000, 0x00000000ffd00000, 0x00000000ffd00000|100%| O|  |TAMS 0x00000000ffc00000| PB 0x00000000ffc00000| Untracked 
|1957|0x00000000ffd00000, 0x00000000ffe00000, 0x00000000ffe00000|100%| O|  |TAMS 0x00000000ffd00000| PB 0x00000000ffd00000| Untracked 
|1958|0x00000000ffe00000, 0x00000000fff00000, 0x00000000fff00000|100%| O|  |TAMS 0x00000000ffe00000| PB 0x00000000ffe00000| Untracked 
|1959|0x00000000fff00000, 0x0000000100000000, 0x0000000100000000|100%| O|  |TAMS 0x00000000fff00000| PB 0x00000000fff00000| Untracked 

Card table byte_map: [0x000001d41e730000,0x000001d41eb10000] _byte_map_base: 0x000001d41e304000

Marking Bits: (CMBitMap*) 0x000001d406b6dfb0
 Bits: [0x000001d41eb10000, 0x000001d4209b0000)

Polling page: 0x000001d404960000

Metaspace:

Usage:
  Non-class:     24.48 MB used.
      Class:      3.07 MB used.
       Both:     27.55 MB used.

Virtual space:
  Non-class space:       64.00 MB reserved,      24.62 MB ( 38%) committed,  1 nodes.
      Class space:        1.00 GB reserved,       3.25 MB ( <1%) committed,  1 nodes.
             Both:        1.06 GB reserved,      27.88 MB (  3%) committed. 

Chunk freelists:
   Non-Class:  6.81 MB
       Class:  12.73 MB
        Both:  19.55 MB

MaxMetaspaceSize: unlimited
CompressedClassSpaceSize: 1.00 GB
Initial GC threshold: 21.00 MB
Current GC threshold: 35.12 MB
CDS: on
 - commit_granule_bytes: 65536.
 - commit_granule_words: 8192.
 - virtual_space_node_default_size: 8388608.
 - enlarge_chunks_in_place: 1.
 - use_allocation_guard: 0.


Internal statistics:

num_allocs_failed_limit: 3.
num_arena_births: 234.
num_arena_deaths: 0.
num_vsnodes_births: 2.
num_vsnodes_deaths: 0.
num_space_committed: 446.
num_space_uncommitted: 0.
num_chunks_returned_to_freelist: 3.
num_chunks_taken_from_freelist: 1192.
num_chunk_merges: 3.
num_chunk_splits: 873.
num_chunks_enlarged: 726.
num_inconsistent_stats: 0.

CodeHeap 'non-profiled nmethods': size=120000Kb used=3503Kb max_used=3503Kb free=116496Kb
 bounds [0x000001d416e20000, 0x000001d417190000, 0x000001d41e350000]
CodeHeap 'profiled nmethods': size=120000Kb used=14746Kb max_used=14746Kb free=105253Kb
 bounds [0x000001d40f350000, 0x000001d4101c0000, 0x000001d416880000]
CodeHeap 'non-nmethods': size=5760Kb used=1453Kb max_used=1506Kb free=4306Kb
 bounds [0x000001d416880000, 0x000001d416af0000, 0x000001d416e20000]
CodeCache: size=245760Kb, used=19702Kb, max_used=19755Kb, free=226055Kb
 total_blobs=7045, nmethods=6509, adapters=440, full_count=0
Compilation: enabled, stopped_count=0, restarted_count=0

Compilation events (20 events):
Event: 31.291 Thread 0x000001d422e8ae70 6420       3       com.sun.tools.javac.comp.Attr::attribType (12 bytes)
Event: 31.291 Thread 0x000001d422e8ae70 nmethod 6420 0x000001d410171590 code [0x000001d410171740, 0x000001d4101718a0]
Event: 31.291 Thread 0x000001d422e8ae70 6422       3       com.sun.tools.javac.util.Iterators$CompoundIterator::hasNext (56 bytes)
Event: 31.292 Thread 0x000001d422e8ae70 nmethod 6422 0x000001d410171990 code [0x000001d410171ba0, 0x000001d410172268]
Event: 31.292 Thread 0x000001d422e8ae70 6421       3       com.sun.tools.javac.comp.Attr::attribType (23 bytes)
Event: 31.292 Thread 0x000001d422e8ae70 nmethod 6421 0x000001d410172410 code [0x000001d4101725e0, 0x000001d410172800]
Event: 31.297 Thread 0x000001d422e8ae70 6423       3       java.lang.invoke.Invokers$Holder::linkToTargetMethod (15 bytes)
Event: 31.298 Thread 0x000001d422e8ae70 nmethod 6423 0x000001d410172910 code [0x000001d410172ae0, 0x000001d410172f38]
Event: 31.298 Thread 0x000001d422e8ae70 6424       3       java.lang.invoke.LambdaForm$DMH/0x000001d424308000::newInvokeSpecial (32 bytes)
Event: 31.299 Thread 0x000001d422e8ae70 nmethod 6424 0x000001d410173010 code [0x000001d410173200, 0x000001d4101739b8]
Event: 31.303 Thread 0x000001d422e8ae70 6425       3       com.sun.tools.javac.code.Lint::isEnabled (9 bytes)
Event: 31.304 Thread 0x000001d422e8ae70 nmethod 6425 0x000001d410173b90 code [0x000001d410173d40, 0x000001d410173f18]
Event: 31.315 Thread 0x000001d422e8ae70 6427   !   3       com.sun.tools.javac.file.JavacFileManager$DirectoryContainer::list (349 bytes)
Event: 31.321 Thread 0x000001d422e8ae70 nmethod 6427 0x000001d410174010 code [0x000001d410174780, 0x000001d4101782a8]
Event: 31.327 Thread 0x000001d422e8ae70 6428       3       com.sun.tools.javac.jvm.ClassReader::adjustFieldFlags (2 bytes)
Event: 31.327 Thread 0x000001d422e8ae70 nmethod 6428 0x000001d410179e90 code [0x000001d41017a020, 0x000001d41017a130]
Event: 31.349 Thread 0x000001d422e8ae70 6430       3       com.sun.tools.javac.code.Type$WildcardType::<init> (12 bytes)
Event: 31.350 Thread 0x000001d422e8ae70 nmethod 6430 0x000001d41017a210 code [0x000001d41017a420, 0x000001d41017ab00]
Event: 31.364 Thread 0x000001d422e8ae70 6431       3       com.sun.tools.javac.code.Symbol$ClassSymbol::members (9 bytes)
Event: 31.365 Thread 0x000001d422e8ae70 nmethod 6431 0x000001d41017ad90 code [0x000001d41017af40, 0x000001d41017b0a8]

GC Heap History (14 events):
Event: 2.532 GC heap before
{Heap before GC invocations=0 (full 0):
 garbage-first heap   total 126976K, used 13312K [0x0000000085800000, 0x0000000100000000)
  region size 1024K, 13 young (13312K), 0 survivors (0K)
 Metaspace       used 3688K, committed 3840K, reserved 1114112K
  class space    used 371K, committed 448K, reserved 1048576K
}
Event: 2.556 GC heap after
{Heap after GC invocations=1 (full 0):
 garbage-first heap   total 126976K, used 3264K [0x0000000085800000, 0x0000000100000000)
  region size 1024K, 2 young (2048K), 2 survivors (2048K)
 Metaspace       used 3688K, committed 3840K, reserved 1114112K
  class space    used 371K, committed 448K, reserved 1048576K
}
Event: 3.383 GC heap before
{Heap before GC invocations=1 (full 0):
 garbage-first heap   total 126976K, used 17600K [0x0000000085800000, 0x0000000100000000)
  region size 1024K, 16 young (16384K), 2 survivors (2048K)
 Metaspace       used 6006K, committed 6272K, reserved 1114112K
  class space    used 704K, committed 832K, reserved 1048576K
}
Event: 3.392 GC heap after
{Heap after GC invocations=2 (full 0):
 garbage-first heap   total 126976K, used 4232K [0x0000000085800000, 0x0000000100000000)
  region size 1024K, 1 young (1024K), 1 survivors (1024K)
 Metaspace       used 6006K, committed 6272K, reserved 1114112K
  class space    used 704K, committed 832K, reserved 1048576K
}
Event: 12.786 GC heap before
{Heap before GC invocations=2 (full 0):
 garbage-first heap   total 126976K, used 77960K [0x0000000085800000, 0x0000000100000000)
  region size 1024K, 74 young (75776K), 1 survivors (1024K)
 Metaspace       used 15730K, committed 16000K, reserved 1114112K
  class space    used 1826K, committed 1920K, reserved 1048576K
}
Event: 12.816 GC heap after
{Heap after GC invocations=3 (full 0):
 garbage-first heap   total 126976K, used 11736K [0x0000000085800000, 0x0000000100000000)
  region size 1024K, 8 young (8192K), 8 survivors (8192K)
 Metaspace       used 15730K, committed 16000K, reserved 1114112K
  class space    used 1826K, committed 1920K, reserved 1048576K
}
Event: 16.033 GC heap before
{Heap before GC invocations=3 (full 0):
 garbage-first heap   total 126976K, used 79320K [0x0000000085800000, 0x0000000100000000)
  region size 1024K, 74 young (75776K), 8 survivors (8192K)
 Metaspace       used 16881K, committed 17088K, reserved 1114112K
  class space    used 1902K, committed 1984K, reserved 1048576K
}
Event: 16.070 GC heap after
{Heap after GC invocations=4 (full 0):
 garbage-first heap   total 126976K, used 17408K [0x0000000085800000, 0x0000000100000000)
  region size 1024K, 6 young (6144K), 6 survivors (6144K)
 Metaspace       used 16881K, committed 17088K, reserved 1114112K
  class space    used 1902K, committed 1984K, reserved 1048576K
}
Event: 21.916 GC heap before
{Heap before GC invocations=4 (full 0):
 garbage-first heap   total 126976K, used 89088K [0x0000000085800000, 0x0000000100000000)
  region size 1024K, 74 young (75776K), 6 survivors (6144K)
 Metaspace       used 20855K, committed 21184K, reserved 1114112K
  class space    used 2337K, committed 2496K, reserved 1048576K
}
Event: 21.942 GC heap after
{Heap after GC invocations=5 (full 0):
 garbage-first heap   total 126976K, used 23552K [0x0000000085800000, 0x0000000100000000)
  region size 1024K, 5 young (5120K), 5 survivors (5120K)
 Metaspace       used 20855K, committed 21184K, reserved 1114112K
  class space    used 2337K, committed 2496K, reserved 1048576K
}
Event: 22.509 GC heap before
{Heap before GC invocations=5 (full 0):
 garbage-first heap   total 126976K, used 34816K [0x0000000085800000, 0x0000000100000000)
  region size 1024K, 15 young (15360K), 5 survivors (5120K)
 Metaspace       used 21194K, committed 21504K, reserved 1114112K
  class space    used 2377K, committed 2560K, reserved 1048576K
}
Event: 22.523 GC heap after
{Heap after GC invocations=6 (full 0):
 garbage-first heap   total 126976K, used 23040K [0x0000000085800000, 0x0000000100000000)
  region size 1024K, 5 young (5120K), 5 survivors (5120K)
 Metaspace       used 21194K, committed 21504K, reserved 1114112K
  class space    used 2377K, committed 2560K, reserved 1048576K
}
Event: 28.066 GC heap before
{Heap before GC invocations=7 (full 0):
 garbage-first heap   total 86016K, used 72192K [0x0000000085800000, 0x0000000100000000)
  region size 1024K, 50 young (51200K), 5 survivors (5120K)
 Metaspace       used 27175K, committed 27520K, reserved 1114112K
  class space    used 3046K, committed 3200K, reserved 1048576K
}
Event: 28.114 GC heap after
{Heap after GC invocations=8 (full 0):
 garbage-first heap   total 93184K, used 39424K [0x0000000085800000, 0x0000000100000000)
  region size 1024K, 7 young (7168K), 7 survivors (7168K)
 Metaspace       used 27175K, committed 27520K, reserved 1114112K
  class space    used 3046K, committed 3200K, reserved 1048576K
}

Dll operation events (8 events):
Event: 0.070 Loaded shared library C:\Program Files\Zulu\zulu-21\bin\java.dll
Event: 0.259 Loaded shared library C:\Program Files\Zulu\zulu-21\bin\jsvml.dll
Event: 0.333 Loaded shared library C:\Program Files\Zulu\zulu-21\bin\net.dll
Event: 0.341 Loaded shared library C:\Program Files\Zulu\zulu-21\bin\nio.dll
Event: 0.369 Loaded shared library C:\Program Files\Zulu\zulu-21\bin\zip.dll
Event: 0.972 Loaded shared library C:\Users\ADMIN\Downloads\apache-maven-3.9.11-bin\apache-maven-3.9.11\lib\jansi-native\Windows\x86_64\jansi.dll
Event: 1.143 Loaded shared library C:\Program Files\Zulu\zulu-21\bin\verify.dll
Event: 1.214 Loaded shared library C:\Program Files\Zulu\zulu-21\bin\jimage.dll

Deoptimization events (20 events):
Event: 26.793 Thread 0x000001d4047a24e0 DEOPT PACKING pc=0x000001d4171139c8 sp=0x000000252d4fc6c0
Event: 26.793 Thread 0x000001d4047a24e0 DEOPT UNPACKING pc=0x000001d4168d46a2 sp=0x000000252d4fc098 mode 2
Event: 26.794 Thread 0x000001d4047a24e0 Uncommon trap: trap_request=0xffffff45 fr.pc=0x000001d41711fc20 relative=0x0000000000000b20
Event: 26.794 Thread 0x000001d4047a24e0 Uncommon trap: reason=unstable_if action=reinterpret pc=0x000001d41711fc20 method=java.time.LocalDate.create(III)Ljava/time/LocalDate; @ 7 c2
Event: 26.794 Thread 0x000001d4047a24e0 DEOPT PACKING pc=0x000001d41711fc20 sp=0x000000252d4fc330
Event: 26.794 Thread 0x000001d4047a24e0 DEOPT UNPACKING pc=0x000001d4168d46a2 sp=0x000000252d4fc120 mode 2
Event: 28.206 Thread 0x000001d4047a24e0 DEOPT PACKING pc=0x000001d40f649234 sp=0x000000252d4fca00
Event: 28.206 Thread 0x000001d4047a24e0 DEOPT UNPACKING pc=0x000001d4168d4e42 sp=0x000000252d4fbef0 mode 0
Event: 28.230 Thread 0x000001d4047a24e0 Uncommon trap: trap_request=0xffffff45 fr.pc=0x000001d417081b4c relative=0x0000000000001d2c
Event: 28.230 Thread 0x000001d4047a24e0 Uncommon trap: reason=unstable_if action=reinterpret pc=0x000001d417081b4c method=sun.nio.fs.WindowsPathParser.nextNonSlash(Ljava/lang/String;II)I @ 2 c2
Event: 28.230 Thread 0x000001d4047a24e0 DEOPT PACKING pc=0x000001d417081b4c sp=0x000000252d4fc7a0
Event: 28.230 Thread 0x000001d4047a24e0 DEOPT UNPACKING pc=0x000001d4168d46a2 sp=0x000000252d4fc740 mode 2
Event: 28.729 Thread 0x000001d4047a24e0 Uncommon trap: trap_request=0xffffff45 fr.pc=0x000001d417123b14 relative=0x00000000000006f4
Event: 28.730 Thread 0x000001d4047a24e0 Uncommon trap: reason=unstable_if action=reinterpret pc=0x000001d417123b14 method=java.nio.file.FileTreeWalker.visit(Ljava/nio/file/Path;ZZ)Ljava/nio/file/FileTreeWalker$Event; @ 84 c2
Event: 28.730 Thread 0x000001d4047a24e0 DEOPT PACKING pc=0x000001d417123b14 sp=0x000000252d4fc9c0
Event: 28.730 Thread 0x000001d4047a24e0 DEOPT UNPACKING pc=0x000001d4168d46a2 sp=0x000000252d4fc980 mode 2
Event: 29.337 Thread 0x000001d4047a24e0 Uncommon trap: trap_request=0xffffff45 fr.pc=0x000001d4170f988c relative=0x000000000000006c
Event: 29.337 Thread 0x000001d4047a24e0 Uncommon trap: reason=unstable_if action=reinterpret pc=0x000001d4170f988c method=com.sun.tools.javac.jvm.PoolReader.sizeof(I)I @ 1 c2
Event: 29.337 Thread 0x000001d4047a24e0 DEOPT PACKING pc=0x000001d4170f988c sp=0x000000252d4fc600
Event: 29.337 Thread 0x000001d4047a24e0 DEOPT UNPACKING pc=0x000001d4168d46a2 sp=0x000000252d4fc590 mode 2

Classes loaded (20 events):
Event: 28.202 Loading class java/util/stream/Nodes$SpinedNodeBuilder
Event: 28.203 Loading class java/util/stream/SpinedBuffer
Event: 28.204 Loading class java/util/stream/AbstractSpinedBuffer
Event: 28.204 Loading class java/util/stream/AbstractSpinedBuffer done
Event: 28.204 Loading class java/util/stream/SpinedBuffer done
Event: 28.204 Loading class java/util/stream/Nodes$SpinedNodeBuilder done
Event: 28.436 Loading class jdk/internal/jrtfs/JrtDirectoryStream
Event: 28.437 Loading class jdk/internal/jrtfs/JrtDirectoryStream done
Event: 28.439 Loading class java/util/stream/StreamSpliterators$WrappingSpliterator
Event: 28.439 Loading class java/util/stream/StreamSpliterators$AbstractWrappingSpliterator
Event: 28.440 Loading class java/util/stream/StreamSpliterators$AbstractWrappingSpliterator done
Event: 28.440 Loading class java/util/stream/StreamSpliterators$WrappingSpliterator done
Event: 28.440 Loading class jdk/internal/jrtfs/JrtDirectoryStream$1
Event: 28.441 Loading class jdk/internal/jrtfs/JrtDirectoryStream$1 done
Event: 28.441 Loading class java/util/stream/StreamSpliterators
Event: 28.441 Loading class java/util/stream/StreamSpliterators done
Event: 28.442 Loading class java/util/function/BooleanSupplier
Event: 28.442 Loading class java/util/function/BooleanSupplier done
Event: 28.707 Loading class java/nio/file/FileTreeWalker$1
Event: 28.729 Loading class java/nio/file/FileTreeWalker$1 done

Classes unloaded (0 events):
No events

Classes redefined (0 events):
No events

Internal exceptions (20 events):
Event: 30.916 Thread 0x000001d4047a24e0 Exception <a 'sun/nio/fs/WindowsException'{0x00000000890aaa30}> (0x00000000890aaa30) 
thrown [s\src\hotspot\share\prims\jni.cpp, line 520]
Event: 30.917 Thread 0x000001d4047a24e0 Exception <a 'sun/nio/fs/WindowsException'{0x00000000890abde0}> (0x00000000890abde0) 
thrown [s\src\hotspot\share\prims\jni.cpp, line 520]
Event: 30.917 Thread 0x000001d4047a24e0 Exception <a 'sun/nio/fs/WindowsException'{0x00000000890adb10}> (0x00000000890adb10) 
thrown [s\src\hotspot\share\prims\jni.cpp, line 520]
Event: 30.917 Thread 0x000001d4047a24e0 Exception <a 'sun/nio/fs/WindowsException'{0x00000000890b2b68}> (0x00000000890b2b68) 
thrown [s\src\hotspot\share\prims\jni.cpp, line 520]
Event: 30.917 Thread 0x000001d4047a24e0 Exception <a 'sun/nio/fs/WindowsException'{0x00000000890bdfd0}> (0x00000000890bdfd0) 
thrown [s\src\hotspot\share\prims\jni.cpp, line 520]
Event: 30.934 Thread 0x000001d4047a24e0 Exception <a 'sun/nio/fs/WindowsException'{0x00000000890d8ec8}> (0x00000000890d8ec8) 
thrown [s\src\hotspot\share\prims\jni.cpp, line 520]
Event: 30.935 Thread 0x000001d4047a24e0 Exception <a 'sun/nio/fs/WindowsException'{0x00000000890dd120}> (0x00000000890dd120) 
thrown [s\src\hotspot\share\prims\jni.cpp, line 520]
Event: 30.937 Thread 0x000001d4047a24e0 Exception <a 'sun/nio/fs/WindowsException'{0x00000000890e3650}> (0x00000000890e3650) 
thrown [s\src\hotspot\share\prims\jni.cpp, line 520]
Event: 31.110 Thread 0x000001d4047a24e0 Exception <a 'sun/nio/fs/WindowsException'{0x00000000890f1a78}> (0x00000000890f1a78) 
thrown [s\src\hotspot\share\prims\jni.cpp, line 520]
Event: 31.113 Thread 0x000001d4047a24e0 Exception <a 'sun/nio/fs/WindowsException'{0x00000000890fc500}> (0x00000000890fc500) 
thrown [s\src\hotspot\share\prims\jni.cpp, line 520]
Event: 31.115 Thread 0x000001d4047a24e0 Exception <a 'sun/nio/fs/WindowsException'{0x0000000088f1c280}> (0x0000000088f1c280) 
thrown [s\src\hotspot\share\prims\jni.cpp, line 520]
Event: 31.118 Thread 0x000001d4047a24e0 Exception <a 'sun/nio/fs/WindowsException'{0x0000000088f248e0}> (0x0000000088f248e0) 
thrown [s\src\hotspot\share\prims\jni.cpp, line 520]
Event: 31.119 Thread 0x000001d4047a24e0 Exception <a 'sun/nio/fs/WindowsException'{0x0000000088f47018}> (0x0000000088f47018) 
thrown [s\src\hotspot\share\prims\jni.cpp, line 520]
Event: 31.120 Thread 0x000001d4047a24e0 Exception <a 'sun/nio/fs/WindowsException'{0x0000000088fa0240}> (0x0000000088fa0240) 
thrown [s\src\hotspot\share\prims\jni.cpp, line 520]
Event: 31.160 Thread 0x000001d4047a24e0 Exception <a 'sun/nio/fs/WindowsException'{0x0000000088e156f0}> (0x0000000088e156f0) 
thrown [s\src\hotspot\share\prims\jni.cpp, line 520]
Event: 31.160 Thread 0x000001d4047a24e0 Exception <a 'sun/nio/fs/WindowsException'{0x0000000088e1d0b8}> (0x0000000088e1d0b8) 
thrown [s\src\hotspot\share\prims\jni.cpp, line 520]
Event: 31.160 Thread 0x000001d4047a24e0 Exception <a 'sun/nio/fs/WindowsException'{0x0000000088e31e88}> (0x0000000088e31e88) 
thrown [s\src\hotspot\share\prims\jni.cpp, line 520]
Event: 31.344 Thread 0x000001d4047a24e0 Exception <a 'sun/nio/fs/WindowsException'{0x0000000088eb6c38}> (0x0000000088eb6c38) 
thrown [s\src\hotspot\share\prims\jni.cpp, line 520]
Event: 31.345 Thread 0x000001d4047a24e0 Exception <a 'sun/nio/fs/WindowsException'{0x0000000088ec4ae0}> (0x0000000088ec4ae0) 
thrown [s\src\hotspot\share\prims\jni.cpp, line 520]
Event: 31.347 Thread 0x000001d4047a24e0 Exception <a 'sun/nio/fs/WindowsException'{0x0000000088eef658}> (0x0000000088eef658) 
thrown [s\src\hotspot\share\prims\jni.cpp, line 520]

ZGC Phase Switch (0 events):
No events

VM Operations (20 events):
Event: 24.005 Executing VM operation: HandshakeAllThreads (Deoptimize)
Event: 24.005 Executing VM operation: HandshakeAllThreads (Deoptimize) done
Event: 24.031 Executing VM operation: HandshakeAllThreads (Deoptimize)
Event: 24.031 Executing VM operation: HandshakeAllThreads (Deoptimize) done
Event: 25.035 Executing VM operation: Cleanup
Event: 25.220 Executing VM operation: Cleanup done
Event: 26.222 Executing VM operation: Cleanup
Event: 26.222 Executing VM operation: Cleanup done
Event: 27.226 Executing VM operation: Cleanup
Event: 27.243 Executing VM operation: Cleanup done
Event: 28.066 Executing VM operation: G1CollectForAllocation (G1 Evacuation Pause)
Event: 28.115 Executing VM operation: G1CollectForAllocation (G1 Evacuation Pause) done
Event: 28.206 Executing VM operation: HandshakeAllThreads (Deoptimize)
Event: 28.206 Executing VM operation: HandshakeAllThreads (Deoptimize) done
Event: 29.217 Executing VM operation: Cleanup
Event: 29.217 Executing VM operation: Cleanup done
Event: 29.358 Executing VM operation: HandshakeAllThreads (Deoptimize)
Event: 29.358 Executing VM operation: HandshakeAllThreads (Deoptimize) done
Event: 30.359 Executing VM operation: Cleanup
Event: 30.361 Executing VM operation: Cleanup done

Memory protections (0 events):
No events

Nmethod flushes (0 events):
No events

Events (14 events):
Event: 0.147 Thread 0x000001d4047a24e0 Thread added: 0x000001d4047a24e0
Event: 0.211 Thread 0x000001d4047a24e0 Thread added: 0x000001d422e54980
Event: 0.212 Thread 0x000001d4047a24e0 Thread added: 0x000001d422e55590
Event: 0.213 Thread 0x000001d4047a24e0 Thread added: 0x000001d422e561a0
Event: 0.213 Thread 0x000001d4047a24e0 Thread added: 0x000001d422e56c00
Event: 0.214 Thread 0x000001d4047a24e0 Thread added: 0x000001d422e59670
Event: 0.215 Thread 0x000001d4047a24e0 Thread added: 0x000001d422e5a0d0
Event: 0.215 Thread 0x000001d4047a24e0 Thread added: 0x000001d422e5ae60
Event: 0.228 Thread 0x000001d4047a24e0 Thread added: 0x000001d422e8ae70
Event: 0.318 Thread 0x000001d4047a24e0 Thread added: 0x000001d4680c7ab0
Event: 0.322 Thread 0x000001d4047a24e0 Thread added: 0x000001d4680c86f0
Event: 0.964 Thread 0x000001d4047a24e0 Thread added: 0x000001d46843bfe0
Event: 8.003 Thread 0x000001d4047a24e0 Thread added: 0x000001d4681b5580
Event: 21.836 Thread 0x000001d46843bfe0 Thread exited: 0x000001d46843bfe0


Dynamic libraries:
0x00007ff7ced90000 - 0x00007ff7ced9e000 	C:\Program Files\Zulu\zulu-21\bin\java.exe
0x00007ffd98c10000 - 0x00007ffd98e08000 	C:\Windows\SYSTEM32\ntdll.dll
0x00007ffd97f40000 - 0x00007ffd97fff000 	C:\Windows\System32\KERNEL32.DLL
0x00007ffd96870000 - 0x00007ffd96b66000 	C:\Windows\System32\KERNELBASE.dll
0x00007ffd96b70000 - 0x00007ffd96c70000 	C:\Windows\System32\ucrtbase.dll
0x00007ffd80170000 - 0x00007ffd80189000 	C:\Program Files\Zulu\zulu-21\bin\jli.dll
0x00007ffd98120000 - 0x00007ffd982bd000 	C:\Windows\System32\USER32.dll
0x00007ffd96440000 - 0x00007ffd96462000 	C:\Windows\System32\win32u.dll
0x00007ffd982c0000 - 0x00007ffd982ec000 	C:\Windows\System32\GDI32.dll
0x00007ffd965f0000 - 0x00007ffd96705000 	C:\Windows\System32\gdi32full.dll
0x00007ffd962f0000 - 0x00007ffd9638d000 	C:\Windows\System32\msvcp_win.dll
0x00007ffd79b40000 - 0x00007ffd79b5e000 	C:\Program Files\Zulu\zulu-21\bin\VCRUNTIME140.dll
0x00007ffd80ee0000 - 0x00007ffd8117a000 	C:\Windows\WinSxS\amd64_microsoft.windows.common-controls_6595b64144ccf1df_6.0.19041.1110_none_60b5254171f9507e\COMCTL32.dll
0x00007ffd97c70000 - 0x00007ffd97d0e000 	C:\Windows\System32\msvcrt.dll
0x00007ffd97470000 - 0x00007ffd974a0000 	C:\Windows\System32\IMM32.DLL
0x00007ffd8d910000 - 0x00007ffd8d91c000 	C:\Program Files\Zulu\zulu-21\bin\vcruntime140_1.dll
0x00007ffd615f0000 - 0x00007ffd6167d000 	C:\Program Files\Zulu\zulu-21\bin\msvcp140.dll
0x00007ffd0e4a0000 - 0x00007ffd0f284000 	C:\Program Files\Zulu\zulu-21\bin\server\jvm.dll
0x00007ffd973c0000 - 0x00007ffd9746f000 	C:\Windows\System32\ADVAPI32.dll
0x00007ffd974a0000 - 0x00007ffd9753c000 	C:\Windows\System32\sechost.dll
0x00007ffd98920000 - 0x00007ffd98a46000 	C:\Windows\System32\RPCRT4.dll
0x00007ffd97ed0000 - 0x00007ffd97f3b000 	C:\Windows\System32\WS2_32.dll
0x00007ffd96160000 - 0x00007ffd961ab000 	C:\Windows\SYSTEM32\POWRPROF.dll
0x00007ffd81240000 - 0x00007ffd81267000 	C:\Windows\SYSTEM32\WINMM.dll
0x00007ffd8eff0000 - 0x00007ffd8effa000 	C:\Windows\SYSTEM32\VERSION.dll
0x00007ffd96140000 - 0x00007ffd96152000 	C:\Windows\SYSTEM32\UMPDC.dll
0x00007ffd94ad0000 - 0x00007ffd94ae2000 	C:\Windows\SYSTEM32\kernel.appcore.dll
0x00007ffd8cac0000 - 0x00007ffd8caca000 	C:\Program Files\Zulu\zulu-21\bin\jimage.dll
0x00007ffd94020000 - 0x00007ffd94204000 	C:\Windows\SYSTEM32\DBGHELP.DLL
0x00007ffd7b8a0000 - 0x00007ffd7b8d4000 	C:\Windows\SYSTEM32\dbgcore.DLL
0x00007ffd964f0000 - 0x00007ffd96572000 	C:\Windows\System32\bcryptPrimitives.dll
0x00007ffd79880000 - 0x00007ffd798a2000 	C:\Program Files\Zulu\zulu-21\bin\java.dll
0x00007ffd96c70000 - 0x00007ffd973b4000 	C:\Windows\System32\SHELL32.dll
0x00007ffd94320000 - 0x00007ffd94ab3000 	C:\Windows\SYSTEM32\windows.storage.dll
0x00007ffd98390000 - 0x00007ffd986e4000 	C:\Windows\System32\combase.dll
0x00007ffd95b80000 - 0x00007ffd95bae000 	C:\Windows\SYSTEM32\Wldp.dll
0x00007ffd97540000 - 0x00007ffd975ed000 	C:\Windows\System32\SHCORE.dll
0x00007ffd98010000 - 0x00007ffd98065000 	C:\Windows\System32\shlwapi.dll
0x00007ffd96230000 - 0x00007ffd9624f000 	C:\Windows\SYSTEM32\profapi.dll
0x00007ffd52ab0000 - 0x00007ffd52b87000 	C:\Program Files\Zulu\zulu-21\bin\jsvml.dll
0x00007ffd799c0000 - 0x00007ffd799d2000 	C:\Program Files\Zulu\zulu-21\bin\net.dll
0x00007ffd86180000 - 0x00007ffd8628a000 	C:\Windows\SYSTEM32\WINHTTP.dll
0x00007ffd95960000 - 0x00007ffd959ca000 	C:\Windows\system32\mswsock.dll
0x00007ffd77060000 - 0x00007ffd77076000 	C:\Program Files\Zulu\zulu-21\bin\nio.dll
0x00007ffd73a50000 - 0x00007ffd73a68000 	C:\Program Files\Zulu\zulu-21\bin\zip.dll
0x00007ffd73a20000 - 0x00007ffd73a44000 	C:\Users\ADMIN\Downloads\apache-maven-3.9.11-bin\apache-maven-3.9.11\lib\jansi-native\Windows\x86_64\jansi.dll
0x00007ffd7fa20000 - 0x00007ffd7fa30000 	C:\Program Files\Zulu\zulu-21\bin\verify.dll

JVMTI agents: none

dbghelp: loaded successfully - version: 4.0.5 - missing functions: none
symbol engine: initialized successfully - sym options: 0x614 - pdb path: .;C:\Program Files\Zulu\zulu-21\bin;C:\Windows\SYSTEM32;C:\Windows\WinSxS\amd64_microsoft.windows.common-controls_6595b64144ccf1df_6.0.19041.1110_none_60b5254171f9507e;C:\Program Files\Zulu\zulu-21\bin\server;C:\Users\ADMIN\Downloads\apache-maven-3.9.11-bin\apache-maven-3.9.11\lib\jansi-native\Windows\x86_64

VM Arguments:
jvm_args: --enable-native-access=ALL-UNNAMED -Dclassworlds.conf=C:\Users\ADMIN\Downloads\apache-maven-3.9.11-bin\apache-maven-3.9.11\bin\m2.conf -Dmaven.home=C:\Users\ADMIN\Downloads\apache-maven-3.9.11-bin\apache-maven-3.9.11 -Dlibrary.jansi.path=C:\Users\ADMIN\Downloads\apache-maven-3.9.11-bin\apache-maven-3.9.11\lib\jansi-native -Dmaven.multiModuleProjectDirectory=C:\Users\ADMIN\Documents\Mojolaoluwa\projects\core-banking\client-service 
java_command: org.codehaus.plexus.classworlds.launcher.Launcher clean spring-boot:run
java_class_path (initial): C:\Users\ADMIN\Downloads\apache-maven-3.9.11-bin\apache-maven-3.9.11\boot\plexus-classworlds-2.9.0.jar
Launcher Type: SUN_STANDARD

[Global flags]
     intx CICompilerCount                          = 3                                         {product} {ergonomic}
     uint ConcGCThreads                            = 1                                         {product} {ergonomic}
     uint G1ConcRefinementThreads                  = 4                                         {product} {ergonomic}
   size_t G1HeapRegionSize                         = 1048576                                   {product} {ergonomic}
    uintx GCDrainStackTargetSize                   = 64                                        {product} {ergonomic}
   size_t InitialHeapSize                          = 130023424                                 {product} {ergonomic}
   size_t MarkStackSize                            = 4194304                                   {product} {ergonomic}
   size_t MaxHeapSize                              = 2055208960                                {product} {ergonomic}
   size_t MaxNewSize                               = 1233125376                                {product} {ergonomic}
   size_t MinHeapDeltaBytes                        = 1048576                                   {product} {ergonomic}
   size_t MinHeapSize                              = 8388608                                   {product} {ergonomic}
    uintx NonNMethodCodeHeapSize                   = 5832780                                {pd product} {ergonomic}
    uintx NonProfiledCodeHeapSize                  = 122912730                              {pd product} {ergonomic}
    uintx ProfiledCodeHeapSize                     = 122912730                              {pd product} {ergonomic}
    uintx ReservedCodeCacheSize                    = 251658240                              {pd product} {ergonomic}
     bool SegmentedCodeCache                       = true                                      {product} {ergonomic}
   size_t SoftMaxHeapSize                          = 2055208960                             {manageable} {ergonomic}
     bool UseCompressedOops                        = true                           {product lp64_product} {ergonomic}
     bool UseG1GC                                  = true                                      {product} {ergonomic}
     bool UseLargePagesIndividualAllocation        = false                                  {pd product} {ergonomic}

Logging:
Log output configuration:
 #0: stdout all=warning uptime,level,tags foldmultilines=false
 #1: stderr all=off uptime,level,tags foldmultilines=false

Environment Variables:
PATH=C:\Program Files\Zulu\zulu-21\bin\;C:\Program Files\Common Files\Oracle\Java\javapath;C:\Windows\system32;C:\Windows;C:\Windows\System32\Wbem;C:\Windows\System32\WindowsPowerShell\v1.0\;C:\Windows\System32\OpenSSH\;C:\Program Files\SourceGear\Common\DiffMerge\;C:\Program Files\dotnet\;C:\Program Files\Java\jdk-19;C:\Program Files\apache-maven-3.9.9-bin\apache-maven-3.9.9\bin;C:\gradle\gradle-8.13\bin;C:\Program Files\PostgreSQL\15\bin;C:\Users\ADMIN\AppData\Local\Muse Hub\lib;C:\Program Files\Java\jdk-21\bin;C:\Users\ADMIN\Downloads\apache-maven-3.9.11-bin\apache-maven-3.9.11\bin;c:\Program Files\nodejs\;C:\Program Files (x86)\Microsoft SQL Server\170\Tools\Binn\;C:\Program Files\Microsoft SQL Server\170\Tools\Binn\;C:\Program Files\Microsoft SQL Server\Client SDK\ODBC\180\Tools\Binn\;C:\Program Files\Microsoft SQL Server\170\DTS\Binn\;C:\Program Files\Docker\Docker\resources\bin;C:\Program Files\Git\cmd;C:\Program Files\WireGuard\;%JAVA_HOME%\bin;C:\Program Files\Zulu\zulu-21\bin\;C:\Program Files\Common Files\Oracle\Java\javapath;C:\Windows\system32;C:\Windows;C:\Windows\System32\Wbem;C:\Windows\System32\WindowsPowerShell\v1.0\;C:\Windows\System32\OpenSSH\;C:\Program Files\SourceGear\Common\DiffMerge\;C:\Program Files\dotnet\;C:\Program Files\Java\jdk-19;C:\Program Files\apache-maven-3.9.9-bin\apache-maven-3.9.9\bin;C:\gradle\gradle-8.13\bin;C:\Program Files\PostgreSQL\15\bin;C:\Users\ADMIN\AppData\Local\Muse Hub\lib;C:\Program Files\Java\jdk-21\bin;C:\Users\ADMIN\Downloads\apache-maven-3.9.11-bin\apache-maven-3.9.11\bin;c:\Program Files\nodejs\;C:\Program Files (x86)\Microsoft SQL Server\170\Tools\Binn\;C:\Program Files\Microsoft SQL Server\170\Tools\Binn\;C:\Program Files\Microsoft SQL Server\Client SDK\ODBC\180\Tools\Binn\;C:\Program Files\Microsoft SQL Server\170\DTS\Binn\;C:\Program Files\Docker\Docker\resources\bin;C:\Program Files\Git\cmd;C:\Program Files\WireGuard\;C:\Program Files\JetBrains\IntelliJ IDEA Community Edition 2025.2.1\bin;C:\Users\ADMIN\AppData\Local\Programs\Microsoft VS Code\bin;C:\Users\ADMIN\AppData\Roaming\npm;C:\Program Files\JetBrains\IntelliJ IDEA 2026.1.3\bin;C:\Users\ADMIN\AppData\Local\Python\bin
USERNAME=ADMIN
OS=Windows_NT
PROCESSOR_IDENTIFIER=Intel64 Family 6 Model 78 Stepping 3, GenuineIntel
TMP=C:\Users\ADMIN\AppData\Local\Temp
TEMP=C:\Users\ADMIN\AppData\Local\Temp




Periodic native trim disabled

---------------  S Y S T E M  ---------------

OS:
 Windows 10 , 64 bit Build 19041 (10.0.19041.3031)
OS uptime: 24 days 22:03 hours
Hyper-V role detected

CPU: total 4 (initial active 4) (2 cores per cpu, 2 threads per core) family 6 model 78 stepping 3 microcode 0xcc, cx8, cmov, fxsr, ht, mmx, 3dnowpref, sse, sse2, sse3, ssse3, sse4.1, sse4.2, popcnt, lzcnt, tsc, tscinvbit, avx, avx2, aes, erms, clmul, bmi1, bmi2, rtm, adx, fma, vzeroupper, clflush, clflushopt, hv, rdtscp, f16c
Processor Information for the first 4 processors :
  Max Mhz: 2501, Current Mhz: 2501, Mhz Limit: 2501

Memory: 4k page, system-wide physical 7838M (101M free)
TotalPageFile size 31390M (AvailPageFile size 25M)
current process WorkingSet (physical memory assigned to process): 213M, peak: 218M
current process commit charge ("private bytes"): 239M, peak: 258M

vm_info: OpenJDK 64-Bit Server VM (21.0.8+9-LTS) for windows-amd64 JRE (21.0.8+9-LTS) (Zulu21.44+17-CA), built on 2025-06-30T16:19:55Z by "zulu_re" with MS VC++ 17.1 (VS2022)

END.
